// Jest Snapshot v1, https://goo.gl/fbAQLP

exports[`Button component renders correctly 1`] = `
<DocumentFragment>
  <button
    class=""
  >
    Click me
  </button>
</DocumentFragment>
`;

exports[`renders correctly 1`] = `
<DocumentFragment>
  <button
    class=""
  >
    Click me
  </button>
</DocumentFragment>
`;
